// Jest Snapshot v1, https://goo.gl/fbAQLP

exports[`Invalid function overload assignment ("(this: void, s: string) => string"): diagnostics 1`] = `"main.ts(7,52): error TSTL: Unsupported assignment of function with different overloaded types for 'this'. Overloads should all have the same type for 'this'."`;

exports[`Invalid function overload assignment ("(this: void, s1: string, s2: string) => string"): diagnostics 1`] = `"main.ts(7,65): error TSTL: Unsupported assignment of function with different overloaded types for 'this'. Overloads should all have the same type for 'this'."`;

exports[`Invalid function overload assignment ("{(this: any, s1: string, s2: string): string}"): diagnostics 1`] = `"main.ts(7,64): error TSTL: Unsupported assignment of function with different overloaded types for 'this'. Overloads should all have the same type for 'this'."`;

exports[`Invalid function overload assignment ("{(this: void, s: string): string}"): diagnostics 1`] = `"main.ts(7,52): error TSTL: Unsupported assignment of function with different overloaded types for 'this'. Overloads should all have the same type for 'this'."`;
